nohup: ignoring input
Epoch 0001/0050 | loss=0.25829955 | spike_rate=0.058619 spike_smooth=0.000016 spike_diversity=0.999400 structural=0.919165 sample_diversity=0.999959 temporal_balance=0.000005 spatial_compactness=0.040540 edge_membrane=0.299373 dense_magnitude_loss=0.000000 dendritic_cancellation_loss=0.080808 total=0.258300
Gradient diagnostics saved for epoch 1: /Data0/kevinswk/patch_sw/trained_models/loss_gradient_epoch_analysis/gradient_diagnostics
Epoch 0002/0050 | loss=0.25526090 | spike_rate=0.058352 spike_smooth=0.000017 spike_diversity=0.999348 structural=0.919116 sample_diversity=0.999928 temporal_balance=0.000004 spatial_compactness=0.043328 edge_membrane=0.246973 dense_magnitude_loss=0.000000 dendritic_cancellation_loss=0.073653 total=0.255261
Epoch 0003/0050 | loss=0.25276821 | spike_rate=0.057916 spike_smooth=0.000020 spike_diversity=0.999278 structural=0.919049 sample_diversity=0.999888 temporal_balance=0.000003 spatial_compactness=0.046297 edge_membrane=0.206245 dense_magnitude_loss=0.000000 dendritic_cancellation_loss=0.066474 total=0.252768
Epoch 0004/0050 | loss=0.25042226 | spike_rate=0.057019 spike_smooth=0.000023 spike_diversity=0.999149 structural=0.918928 sample_diversity=0.999839 temporal_balance=0.000001 spatial_compactness=0.049974 edge_membrane=0.170114 dense_magnitude_loss=0.000000 dendritic_cancellation_loss=0.059542 total=0.250422
Epoch 0005/0050 | loss=0.24862829 | spike_rate=0.055248 spike_smooth=0.000034 spike_diversity=0.998930 structural=0.918719 sample_diversity=0.999639 temporal_balance=0.000000 spatial_compactness=0.055313 edge_membrane=0.148678 dense_magnitude_loss=0.000000 dendritic_cancellation_loss=0.053108 total=0.248628
Gradient diagnostics saved for epoch 5: /Data0/kevinswk/patch_sw/trained_models/loss_gradient_epoch_analysis/gradient_diagnostics
Epoch 0006/0050 | loss=0.24692060 | spike_rate=0.052607 spike_smooth=0.000061 spike_diversity=0.998656 structural=0.918460 sample_diversity=0.999073 temporal_balance=0.000000 spatial_compactness=0.061621 edge_membrane=0.132109 dense_magnitude_loss=0.000000 dendritic_cancellation_loss=0.048511 total=0.246921
Epoch 0007/0050 | loss=0.24474336 | spike_rate=0.048924 spike_smooth=0.000105 spike_diversity=0.998356 structural=0.918176 sample_diversity=0.998699 temporal_balance=0.000002 spatial_compactness=0.068404 edge_membrane=0.107262 dense_magnitude_loss=0.000000 dendritic_cancellation_loss=0.046206 total=0.244743
Epoch 0008/0050 | loss=0.24285721 | spike_rate=0.043776 spike_smooth=0.000141 spike_diversity=0.998030 structural=0.917866 sample_diversity=0.997715 temporal_balance=0.000006 spatial_compactness=0.077702 edge_membrane=0.096574 dense_magnitude_loss=0.000000 dendritic_cancellation_loss=0.043887 total=0.242857
Epoch 0009/0050 | loss=0.24097360 | spike_rate=0.036882 spike_smooth=0.000166 spike_diversity=0.997431 structural=0.917299 sample_diversity=0.998184 temporal_balance=0.000016 spatial_compactness=0.091684 edge_membrane=0.087313 dense_magnitude_loss=0.000000 dendritic_cancellation_loss=0.041514 total=0.240974
Epoch 0010/0050 | loss=0.23954430 | spike_rate=0.030536 spike_smooth=0.000211 spike_diversity=0.996707 structural=0.916613 sample_diversity=0.998212 temporal_balance=0.000033 spatial_compactness=0.107200 edge_membrane=0.086938 dense_magnitude_loss=0.000000 dendritic_cancellation_loss=0.038989 total=0.239544
Gradient diagnostics saved for epoch 10: /Data0/kevinswk/patch_sw/trained_models/loss_gradient_epoch_analysis/gradient_diagnostics
Epoch 0011/0050 | loss=0.23824916 | spike_rate=0.024141 spike_smooth=0.000261 spike_diversity=0.995715 structural=0.915673 sample_diversity=0.998741 temporal_balance=0.000059 spatial_compactness=0.125052 edge_membrane=0.087247 dense_magnitude_loss=0.000000 dendritic_cancellation_loss=0.036808 total=0.238249
Epoch 0012/0050 | loss=0.23689893 | spike_rate=0.018440 spike_smooth=0.000321 spike_diversity=0.994462 structural=0.914483 sample_diversity=0.998579 temporal_balance=0.000090 spatial_compactness=0.144801 edge_membrane=0.086525 dense_magnitude_loss=0.000000 dendritic_cancellation_loss=0.034687 total=0.236899
Epoch 0013/0050 | loss=0.23578260 | spike_rate=0.014549 spike_smooth=0.000384 spike_diversity=0.993222 structural=0.913302 sample_diversity=0.998196 temporal_balance=0.000112 spatial_compactness=0.160285 edge_membrane=0.084019 dense_magnitude_loss=0.000000 dendritic_cancellation_loss=0.032669 total=0.235783
Epoch 0014/0050 | loss=0.23479022 | spike_rate=0.010995 spike_smooth=0.000457 spike_diversity=0.991531 structural=0.911689 sample_diversity=0.998230 temporal_balance=0.000136 spatial_compactness=0.176802 edge_membrane=0.080970 dense_magnitude_loss=0.000000 dendritic_cancellation_loss=0.030919 total=0.234790
Epoch 0015/0050 | loss=0.23386152 | spike_rate=0.008782 spike_smooth=0.000527 spike_diversity=0.989819 structural=0.910054 sample_diversity=0.997251 temporal_balance=0.000148 spatial_compactness=0.189146 edge_membrane=0.077595 dense_magnitude_loss=0.000000 dendritic_cancellation_loss=0.029470 total=0.233862
Epoch 0016/0050 | loss=0.23301543 | spike_rate=0.007118 spike_smooth=0.000581 spike_diversity=0.988041 structural=0.908355 sample_diversity=0.997056 temporal_balance=0.000150 spatial_compactness=0.197489 edge_membrane=0.070138 dense_magnitude_loss=0.000000 dendritic_cancellation_loss=0.028463 total=0.233015
Epoch 0017/0050 | loss=0.23228573 | spike_rate=0.005453 spike_smooth=0.000654 spike_diversity=0.985278 structural=0.905722 sample_diversity=0.997454 temporal_balance=0.000163 spatial_compactness=0.210223 edge_membrane=0.063367 dense_magnitude_loss=0.000000 dendritic_cancellation_loss=0.027288 total=0.232286
Epoch 0018/0050 | loss=0.23171547 | spike_rate=0.004345 spike_smooth=0.000730 spike_diversity=0.981708 structural=0.902326 sample_diversity=0.996973 temporal_balance=0.000166 spatial_compactness=0.222333 edge_membrane=0.061651 dense_magnitude_loss=0.000000 dendritic_cancellation_loss=0.025991 total=0.231715
Epoch 0019/0050 | loss=0.23114565 | spike_rate=0.003513 spike_smooth=0.000804 spike_diversity=0.977962 structural=0.898763 sample_diversity=0.996149 temporal_balance=0.000156 spatial_compactness=0.230310 edge_membrane=0.059970 dense_magnitude_loss=0.000000 dendritic_cancellation_loss=0.025038 total=0.231146
Epoch 0020/0050 | loss=0.23075581 | spike_rate=0.002913 spike_smooth=0.000880 spike_diversity=0.973738 structural=0.894753 sample_diversity=0.996029 temporal_balance=0.000143 spatial_compactness=0.237415 edge_membrane=0.058372 dense_magnitude_loss=0.000000 dendritic_cancellation_loss=0.024124 total=0.230756
Gradient diagnostics saved for epoch 20: /Data0/kevinswk/patch_sw/trained_models/loss_gradient_epoch_analysis/gradient_diagnostics
Epoch 0021/0050 | loss=0.23029120 | spike_rate=0.002450 spike_smooth=0.000964 spike_diversity=0.969516 structural=0.890751 sample_diversity=0.995173 temporal_balance=0.000130 spatial_compactness=0.243045 edge_membrane=0.057499 dense_magnitude_loss=0.000000 dendritic_cancellation_loss=0.023384 total=0.230291
Epoch 0022/0050 | loss=0.22991569 | spike_rate=0.002030 spike_smooth=0.001044 spike_diversity=0.965457 structural=0.886913 sample_diversity=0.994774 temporal_balance=0.000114 spatial_compactness=0.248072 edge_membrane=0.056161 dense_magnitude_loss=0.000000 dendritic_cancellation_loss=0.022790 total=0.229916
Epoch 0023/0050 | loss=0.22922636 | spike_rate=0.001755 spike_smooth=0.001155 spike_diversity=0.961607 structural=0.883277 sample_diversity=0.993672 temporal_balance=0.000100 spatial_compactness=0.250455 edge_membrane=0.050297 dense_magnitude_loss=0.000000 dendritic_cancellation_loss=0.022556 total=0.229226
Epoch 0024/0050 | loss=0.22863394 | spike_rate=0.001670 spike_smooth=0.001304 spike_diversity=0.958233 structural=0.880095 sample_diversity=0.992749 temporal_balance=0.000083 spatial_compactness=0.250117 edge_membrane=0.044612 dense_magnitude_loss=0.000000 dendritic_cancellation_loss=0.022332 total=0.228634
Epoch 0025/0050 | loss=0.22786052 | spike_rate=0.001656 spike_smooth=0.001474 spike_diversity=0.955562 structural=0.877583 sample_diversity=0.990475 temporal_balance=0.000065 spatial_compactness=0.248819 edge_membrane=0.040257 dense_magnitude_loss=0.000000 dendritic_cancellation_loss=0.021880 total=0.227861
Epoch 0026/0050 | loss=0.22670859 | spike_rate=0.002062 spike_smooth=0.001790 spike_diversity=0.954489 structural=0.876576 sample_diversity=0.985672 temporal_balance=0.000043 spatial_compactness=0.242966 edge_membrane=0.036039 dense_magnitude_loss=0.000000 dendritic_cancellation_loss=0.021253 total=0.226709
Epoch 0027/0050 | loss=0.22605479 | spike_rate=0.002243 spike_smooth=0.002156 spike_diversity=0.954396 structural=0.876487 sample_diversity=0.982644 temporal_balance=0.000026 spatial_compactness=0.237305 edge_membrane=0.034990 dense_magnitude_loss=0.000000 dendritic_cancellation_loss=0.020667 total=0.226055
Epoch 0028/0050 | loss=0.22399912 | spike_rate=0.003009 spike_smooth=0.002649 spike_diversity=0.956470 structural=0.878442 sample_diversity=0.972235 temporal_balance=0.000017 spatial_compactness=0.226027 edge_membrane=0.031080 dense_magnitude_loss=0.000000 dendritic_cancellation_loss=0.020862 total=0.223999
Epoch 0029/0050 | loss=0.22256026 | spike_rate=0.003928 spike_smooth=0.003301 spike_diversity=0.961127 structural=0.882826 sample_diversity=0.963298 temporal_balance=0.000015 spatial_compactness=0.213453 edge_membrane=0.031596 dense_magnitude_loss=0.000000 dendritic_cancellation_loss=0.021010 total=0.222560
Epoch 0030/0050 | loss=0.21776784 | spike_rate=0.005977 spike_smooth=0.004285 spike_diversity=0.968296 structural=0.889604 sample_diversity=0.935771 temporal_balance=0.000017 spatial_compactness=0.192332 edge_membrane=0.032676 dense_magnitude_loss=0.000000 dendritic_cancellation_loss=0.021929 total=0.217768
Gradient diagnostics saved for epoch 30: /Data0/kevinswk/patch_sw/trained_models/loss_gradient_epoch_analysis/gradient_diagnostics
Epoch 0031/0050 | loss=0.20186789 | spike_rate=0.012939 spike_smooth=0.005527 spike_diversity=0.978510 structural=0.899325 sample_diversity=0.846756 temporal_balance=0.000030 spatial_compactness=0.144078 edge_membrane=0.034183 dense_magnitude_loss=0.000000 dendritic_cancellation_loss=0.024802 total=0.201868
Epoch 0032/0050 | loss=0.16639350 | spike_rate=0.026581 spike_smooth=0.006131 spike_diversity=0.983119 structural=0.903789 sample_diversity=0.651160 temporal_balance=0.000033 spatial_compactness=0.084052 edge_membrane=0.047179 dense_magnitude_loss=0.000000 dendritic_cancellation_loss=0.027452 total=0.166393
Epoch 0033/0050 | loss=0.18267475 | spike_rate=0.035120 spike_smooth=0.005859 spike_diversity=0.984071 structural=0.904717 sample_diversity=0.716955 temporal_balance=0.000041 spatial_compactness=0.060060 edge_membrane=0.082147 dense_magnitude_loss=0.000000 dendritic_cancellation_loss=0.020219 total=0.182675
Epoch 0034/0050 | loss=0.14845173 | spike_rate=0.042867 spike_smooth=0.005548 spike_diversity=0.985807 structural=0.906374 sample_diversity=0.532282 temporal_balance=0.000042 spatial_compactness=0.048308 edge_membrane=0.108872 dense_magnitude_loss=0.000000 dendritic_cancellation_loss=0.015741 total=0.148452
Epoch 0035/0050 | loss=0.10976085 | spike_rate=0.049604 spike_smooth=0.005359 spike_diversity=0.987782 structural=0.908244 sample_diversity=0.333453 temporal_balance=0.000020 spatial_compactness=0.029990 edge_membrane=0.101485 dense_magnitude_loss=0.000000 dendritic_cancellation_loss=0.016556 total=0.109761
Epoch 0036/0050 | loss=0.10947531 | spike_rate=0.050967 spike_smooth=0.005342 spike_diversity=0.988130 structural=0.908566 sample_diversity=0.336303 temporal_balance=0.000014 spatial_compactness=0.021797 edge_membrane=0.080140 dense_magnitude_loss=0.000000 dendritic_cancellation_loss=0.015147 total=0.109475
Epoch 0037/0050 | loss=0.11095481 | spike_rate=0.051682 spike_smooth=0.005390 spike_diversity=0.988220 structural=0.908651 sample_diversity=0.346064 temporal_balance=0.000012 spatial_compactness=0.018455 edge_membrane=0.070000 dense_magnitude_loss=0.000000 dendritic_cancellation_loss=0.012921 total=0.110955
Epoch 0038/0050 | loss=0.11747434 | spike_rate=0.051719 spike_smooth=0.005491 spike_diversity=0.988182 structural=0.908612 sample_diversity=0.382240 temporal_balance=0.000012 spatial_compactness=0.017181 edge_membrane=0.060241 dense_magnitude_loss=0.000000 dendritic_cancellation_loss=0.008245 total=0.117474
Epoch 0039/0050 | loss=0.12055134 | spike_rate=0.051683 spike_smooth=0.005531 spike_diversity=0.988201 structural=0.908628 sample_diversity=0.400065 temporal_balance=0.000012 spatial_compactness=0.016281 edge_membrane=0.052340 dense_magnitude_loss=0.000000 dendritic_cancellation_loss=0.006520 total=0.120551
Epoch 0040/0050 | loss=0.11774902 | spike_rate=0.051580 spike_smooth=0.005560 spike_diversity=0.988180 structural=0.908609 sample_diversity=0.387965 temporal_balance=0.000012 spatial_compactness=0.015691 edge_membrane=0.045700 dense_magnitude_loss=0.000000 dendritic_cancellation_loss=0.005932 total=0.117749
Epoch 0041/0050 | loss=0.10636162 | spike_rate=0.051487 spike_smooth=0.005647 spike_diversity=0.987828 structural=0.908281 sample_diversity=0.331862 temporal_balance=0.000012 spatial_compactness=0.014967 edge_membrane=0.043631 dense_magnitude_loss=0.000000 dendritic_cancellation_loss=0.005237 total=0.106362
Epoch 0042/0050 | loss=0.09180928 | spike_rate=0.051246 spike_smooth=0.005835 spike_diversity=0.987325 structural=0.907812 sample_diversity=0.260024 temporal_balance=0.000013 spatial_compactness=0.014485 edge_membrane=0.041915 dense_magnitude_loss=0.000000 dendritic_cancellation_loss=0.004506 total=0.091809
Epoch 0043/0050 | loss=0.07692119 | spike_rate=0.051168 spike_smooth=0.005843 spike_diversity=0.987100 structural=0.907605 sample_diversity=0.186197 temporal_balance=0.000015 spatial_compactness=0.014576 edge_membrane=0.040678 dense_magnitude_loss=0.000000 dendritic_cancellation_loss=0.003722 total=0.076921
Epoch 0044/0050 | loss=0.07644414 | spike_rate=0.051100 spike_smooth=0.005957 spike_diversity=0.986847 structural=0.907366 sample_diversity=0.184490 temporal_balance=0.000016 spatial_compactness=0.014376 edge_membrane=0.038849 dense_magnitude_loss=0.000000 dendritic_cancellation_loss=0.003256 total=0.076444
Epoch 0045/0050 | loss=0.07583248 | spike_rate=0.051107 spike_smooth=0.006107 spike_diversity=0.986485 structural=0.907027 sample_diversity=0.182071 temporal_balance=0.000015 spatial_compactness=0.014026 edge_membrane=0.036698 dense_magnitude_loss=0.000000 dendritic_cancellation_loss=0.003022 total=0.075832
Epoch 0046/0050 | loss=0.07805549 | spike_rate=0.050910 spike_smooth=0.006264 spike_diversity=0.986286 structural=0.906838 sample_diversity=0.193914 temporal_balance=0.000015 spatial_compactness=0.013877 edge_membrane=0.034990 dense_magnitude_loss=0.000000 dendritic_cancellation_loss=0.002723 total=0.078055
Epoch 0047/0050 | loss=0.07329439 | spike_rate=0.050939 spike_smooth=0.006477 spike_diversity=0.985883 structural=0.906461 sample_diversity=0.170352 temporal_balance=0.000017 spatial_compactness=0.013843 edge_membrane=0.034263 dense_magnitude_loss=0.000000 dendritic_cancellation_loss=0.002583 total=0.073294
Epoch 0048/0050 | loss=0.07160519 | spike_rate=0.050893 spike_smooth=0.006718 spike_diversity=0.985488 structural=0.906093 sample_diversity=0.162400 temporal_balance=0.000019 spatial_compactness=0.013337 edge_membrane=0.032952 dense_magnitude_loss=0.000000 dendritic_cancellation_loss=0.002323 total=0.071605
Epoch 0049/0050 | loss=0.07027752 | spike_rate=0.050778 spike_smooth=0.006956 spike_diversity=0.984997 structural=0.905634 sample_diversity=0.156160 temporal_balance=0.000019 spatial_compactness=0.013428 edge_membrane=0.032230 dense_magnitude_loss=0.000000 dendritic_cancellation_loss=0.002188 total=0.070278
Epoch 0050/0050 | loss=0.06778027 | spike_rate=0.050672 spike_smooth=0.007189 spike_diversity=0.984603 structural=0.905268 sample_diversity=0.144187 temporal_balance=0.000019 spatial_compactness=0.013485 edge_membrane=0.030986 dense_magnitude_loss=0.000000 dendritic_cancellation_loss=0.002024 total=0.067780
Gradient diagnostics saved for epoch 50: /Data0/kevinswk/patch_sw/trained_models/loss_gradient_epoch_analysis/gradient_diagnostics
trained S2NetCore: /Data0/kevinswk/patch_sw/trained_models/loss_gradient_epoch_analysis/s2net_core.pt
loss: 0.258300 -> 0.067780
